ok 01-connexion
ok 02-accueil
ok 03-recherche
ok 04-adresses
ok 05-adresse-nouvelle
ok 06-catalogue
ok 07-elements-couts
ok 08-projets
ok 09-projet-nouveau
ok 10-projet-adresses
ok 11-projet-photos
ok 12-devis-detail
ok 13-devis-saisie-rapide
ok 14-devis-etapes
ok 15-devis-entete
ok 16-devis-recap
ok 17-devis-explorateur
ok 18-utilisateurs
ok 19-ouvrier
ok 20-devis-apercu
ok 21-devis-sous-detail
ok 22-rapports
ok 23-rapport-heures
ok 24-rapport-materiaux
ok 25-collaborateurs
ok 26-regie
ok 27-regie-recap
ok 28-controle-heures
ok 29-absence
ok 30-ouvrier-rapport
